// Jest Snapshot v1, https://goo.gl/fbAQLP

exports[`Click it Count it starts check the snapshot 1`] = `
<div>
  <h1>
    Click it, and count it!
  </h1>
  <h3>
    Count: 
    0
  </h3>
  <button
    className="increase"
    onClick={[Function]}
  >
    Click me to count
  </button>
</div>
`;
